04-Jul-2026 00:35:04.395 INFO [main] org.apache.catalina.core.ApplicationContext.log No Spring WebApplicationInitializer types detected on classpath
04-Jul-2026 00:36:26.007 INFO [main] org.apache.catalina.core.ApplicationContext.log No Spring WebApplicationInitializer types detected on classpath
04-Jul-2026 00:39:33.754 INFO [main] org.apache.catalina.core.ApplicationContext.log No Spring WebApplicationInitializer types detected on classpath
04-Jul-2026 00:42:42.885 INFO [main] org.apache.catalina.core.ApplicationContext.log No Spring WebApplicationInitializer types detected on classpath
04-Jul-2026 00:43:06.684 INFO [http-nio-8080-exec-1] org.apache.catalina.core.ApplicationContext.log Initializing Spring DispatcherServlet 'dispatcher1'
04-Jul-2026 13:08:58.443 INFO [main] org.apache.catalina.core.ApplicationContext.log No Spring WebApplicationInitializer types detected on classpath
04-Jul-2026 13:10:06.840 INFO [http-nio-8080-exec-1] org.apache.catalina.core.ApplicationContext.log Initializing Spring DispatcherServlet 'dispatcher1'
04-Jul-2026 13:39:37.842 INFO [Catalina-utility-2] org.apache.catalina.core.ApplicationContext.log Destroying Spring FrameworkServlet 'dispatcher1'
04-Jul-2026 13:39:41.959 INFO [Catalina-utility-2] org.apache.catalina.core.ApplicationContext.log No Spring WebApplicationInitializer types detected on classpath
04-Jul-2026 13:39:57.104 INFO [Catalina-utility-2] org.apache.catalina.core.ApplicationContext.log No Spring WebApplicationInitializer types detected on classpath
04-Jul-2026 13:40:02.209 INFO [http-nio-8080-exec-3] org.apache.catalina.core.ApplicationContext.log Initializing Spring DispatcherServlet 'dispatcher1'
04-Jul-2026 13:41:10.241 INFO [Thread-1] org.apache.catalina.core.ApplicationContext.log Destroying Spring FrameworkServlet 'dispatcher1'
04-Jul-2026 13:41:26.133 INFO [main] org.apache.catalina.core.ApplicationContext.log No Spring WebApplicationInitializer types detected on classpath
04-Jul-2026 13:41:58.973 INFO [http-nio-8080-exec-2] org.apache.catalina.core.ApplicationContext.log Initializing Spring DispatcherServlet 'dispatcher1'
04-Jul-2026 13:48:58.321 INFO [Catalina-utility-1] org.apache.catalina.core.ApplicationContext.log Destroying Spring FrameworkServlet 'dispatcher1'
04-Jul-2026 13:49:03.207 INFO [Catalina-utility-1] org.apache.catalina.core.ApplicationContext.log No Spring WebApplicationInitializer types detected on classpath
04-Jul-2026 13:49:18.712 INFO [Catalina-utility-2] org.apache.catalina.core.ApplicationContext.log No Spring WebApplicationInitializer types detected on classpath
04-Jul-2026 13:49:32.258 INFO [http-nio-8080-exec-1] org.apache.catalina.core.ApplicationContext.log Initializing Spring DispatcherServlet 'dispatcher1'
04-Jul-2026 14:06:22.141 INFO [Catalina-utility-2] org.apache.catalina.core.ApplicationContext.log Destroying Spring FrameworkServlet 'dispatcher1'
04-Jul-2026 14:06:48.249 INFO [Catalina-utility-2] org.apache.catalina.core.ApplicationContext.log No Spring WebApplicationInitializer types detected on classpath
04-Jul-2026 14:07:05.054 INFO [Catalina-utility-2] org.apache.catalina.core.ApplicationContext.log No Spring WebApplicationInitializer types detected on classpath
04-Jul-2026 14:07:16.585 INFO [http-nio-8080-exec-17] org.apache.catalina.core.ApplicationContext.log Initializing Spring DispatcherServlet 'dispatcher1'
04-Jul-2026 14:24:38.588 INFO [Catalina-utility-2] org.apache.catalina.core.ApplicationContext.log Destroying Spring FrameworkServlet 'dispatcher1'
04-Jul-2026 14:24:45.493 INFO [Catalina-utility-2] org.apache.catalina.core.ApplicationContext.log No Spring WebApplicationInitializer types detected on classpath
04-Jul-2026 14:24:59.494 INFO [Catalina-utility-1] org.apache.catalina.core.ApplicationContext.log No Spring WebApplicationInitializer types detected on classpath
04-Jul-2026 14:25:42.953 INFO [http-nio-8080-exec-22] org.apache.catalina.core.ApplicationContext.log Initializing Spring DispatcherServlet 'dispatcher1'
04-Jul-2026 15:00:37.465 INFO [Thread-1] org.apache.catalina.core.ApplicationContext.log Destroying Spring FrameworkServlet 'dispatcher1'
04-Jul-2026 15:00:53.971 INFO [main] org.apache.catalina.core.ApplicationContext.log No Spring WebApplicationInitializer types detected on classpath
04-Jul-2026 15:03:10.707 INFO [Catalina-utility-2] org.apache.catalina.core.ApplicationContext.log No Spring WebApplicationInitializer types detected on classpath
04-Jul-2026 15:05:53.785 INFO [http-nio-8080-exec-11] org.apache.catalina.core.ApplicationContext.log Initializing Spring DispatcherServlet 'dispatcher1'
04-Jul-2026 15:07:32.063 INFO [Catalina-utility-1] org.apache.catalina.core.ApplicationContext.log Destroying Spring FrameworkServlet 'dispatcher1'
04-Jul-2026 15:07:55.669 INFO [Catalina-utility-1] org.apache.catalina.core.ApplicationContext.log No Spring WebApplicationInitializer types detected on classpath
04-Jul-2026 15:08:12.132 INFO [Catalina-utility-1] org.apache.catalina.core.ApplicationContext.log No Spring WebApplicationInitializer types detected on classpath
04-Jul-2026 15:08:15.394 INFO [http-nio-8080-exec-9] org.apache.catalina.core.ApplicationContext.log Initializing Spring DispatcherServlet 'dispatcher1'
04-Jul-2026 22:50:27.814 INFO [Catalina-utility-1] org.apache.catalina.core.ApplicationContext.log Destroying Spring FrameworkServlet 'dispatcher1'
04-Jul-2026 22:50:53.233 INFO [Catalina-utility-1] org.apache.catalina.core.ApplicationContext.log No Spring WebApplicationInitializer types detected on classpath
04-Jul-2026 22:50:56.889 INFO [http-nio-8080-exec-24] org.apache.catalina.core.ApplicationContext.log Initializing Spring DispatcherServlet 'dispatcher1'
04-Jul-2026 22:57:45.044 INFO [Catalina-utility-1] org.apache.catalina.core.ApplicationContext.log Destroying Spring FrameworkServlet 'dispatcher1'
04-Jul-2026 22:57:53.550 INFO [Catalina-utility-1] org.apache.catalina.core.ApplicationContext.log No Spring WebApplicationInitializer types detected on classpath
04-Jul-2026 22:58:04.688 INFO [http-nio-8080-exec-34] org.apache.catalina.core.ApplicationContext.log Initializing Spring DispatcherServlet 'dispatcher1'
04-Jul-2026 23:04:55.089 INFO [Catalina-utility-1] org.apache.catalina.core.ApplicationContext.log Destroying Spring FrameworkServlet 'dispatcher1'
04-Jul-2026 23:05:00.871 INFO [Catalina-utility-1] org.apache.catalina.core.ApplicationContext.log No Spring WebApplicationInitializer types detected on classpath
04-Jul-2026 23:05:17.677 INFO [Catalina-utility-2] org.apache.catalina.core.ApplicationContext.log No Spring WebApplicationInitializer types detected on classpath
04-Jul-2026 23:05:19.746 INFO [http-nio-8080-exec-45] org.apache.catalina.core.ApplicationContext.log Initializing Spring DispatcherServlet 'dispatcher1'
